File 'tests/aoc11_day4.input' has been opened. Read bytes: 7889
7889
Boards: 100
------------- called: 13
------------- called: 47
------------- called: 64
------------- called: 52
------------- called: 60
------------- called: 69
------------- called: 80
------------- called: 85
------------- called: 57
------------- called: 1
------------- called: 2
------------- called: 6
------------- called: 30
------------- called: 81
------------- called: 86
------------- called: 40
------------- called: 27
------------- called: 26
------------- called: 97
------------- called: 77
------------- called: 70
------------- called: 92
------------- called: 43
------------- called: 94
------------- called: 8
------------- called: 78
Board won: 46
------------- called: 3
------------- called: 88
------------- called: 93
Board won: 38
Board won: 39
Board won: 43
------------- called: 17
Board won: 27
Board won: 94
------------- called: 55
Board won: 95
------------- called: 49
Board won: 32
------------- called: 32
------------- called: 59
------------- called: 51
Board won: 30
------------- called: 28
------------- called: 33
Board won: 28
------------- called: 41
------------- called: 83
------------- called: 67
Board won: 93
------------- called: 11
Board won: 70
------------- called: 91
------------- called: 53
Board won: 12
------------- called: 36
Board won: 36
Board won: 42
Board won: 71
------------- called: 96
Board won: 37
Board won: 87
Board won: 89
------------- called: 7
Board won: 10
Board won: 19
------------- called: 34
------------- called: 79
------------- called: 98
Board won: 63
------------- called: 72
Board won: 8
Board won: 51
------------- called: 39
Board won: 60
------------- called: 56
Board won: 26
Board won: 83
Board won: 96
------------- called: 31
Board won: 69
------------- called: 75
Board won: 34
Board won: 49
Board won: 56
Board won: 92
------------- called: 82
Board won: 29
Board won: 48
Board won: 59
Board won: 78
Board won: 82
Board won: 85
------------- called: 62
Board won: 25
Board won: 31
Board won: 52
------------- called: 99
Board won: 58
Board won: 68
Board won: 79
------------- called: 66
Board won: 2
Board won: 22
Board won: 88
------------- called: 29
Board won: 17
Board won: 98
------------- called: 58
Board won: 11
Board won: 24
Board won: 57
Board won: 99
Board won: 100
------------- called: 9
Board won: 3
Board won: 33
Board won: 55
------------- called: 50
Board won: 72
Board won: 74
Board won: 97
------------- called: 54
Board won: 5
Board won: 6
Board won: 62
------------- called: 12
Board won: 65
Board won: 67
Board won: 90
------------- called: 45
Board won: 1
------------- called: 68
Board won: 41
Board won: 61
------------- called: 4
Board won: 16
Board won: 50
Board won: 91
------------- called: 46
Board won: 84
------------- called: 38
Board won: 4
Board won: 13
Board won: 73
------------- called: 21
Board won: 75
Board won: 80
------------- called: 24
Board won: 7
Board won: 14
Board won: 35
------------- called: 18
Board won: 23
Board won: 64
Board won: 86
------------- called: 44
Board won: 47
Board won: 76
------------- called: 48
Board won: 40
Board won: 66
------------- called: 16
Board won: 54
Board won: 77
------------- called: 61
------------- called: 19
Board won: 53
Board won: 81
------------- called: 0
Board won: 20
Board won: 45
------------- called: 90
Board won: 15
Board won: 21
------------- called: 35
Board won: 9
Board won: 18
------------- called: 65
------------- called: 37
------------- called: 73
------------- called: 20
------------- called: 22
------------- called: 89
Board won: 44
302
26878
