a is -5 now.
a is -4 now.
a is -3 now.
a is -2 now.
a is -1 now.
a is 0 now.
a is 1 now.
a is 2 now.
a is 3 now.
a is 4 now.
a is 5 now.
a is 6 now.
a is 7 now.
a is 8 now.
a is 9 now.
a is 10 now.
a is 11 now.
a is 12 now.
a is 13 now.
a is 14 now.
a is 15 now.
a is 16 now.
a is 17 now.
a is 18 now.
a is 19 now.
a is 20 now.
a is 21 now.
a is 22 now.
a is 23 now.
a is 24 now.
a is 25 now.
a is 26 now.
a is 27 now.
a is 28 now.
a is 29 now.
a is 30 now.
a is 31 now.
a is 32 now.
a is 33 now.
a is 34 now.
a is 35 now.
a is 36 now.
a is 37 now.
a is 38 now.
a is 39 now.
a is 40 now.
a is 41 now.
a is 42 now.
a is 43 now.
a is 44 now.
a is 45 now.
a is 46 now.
a is 47 now.
a is 48 now.
a is 49 now.
a is 50 now.
a is 51 now.
a is 52 now.
a is 53 now.
a is 54 now.
a is 55 now.
a is 56 now.
a is 57 now.
a is 58 now.
a is 59 now.
a is 60 now.
a is 61 now.
a is 62 now.
a is 63 now.
a is 64 now.
a is 65 now.
a is 66 now.
a is 67 now.
a is 68 now.
a is 69 now.
a is 70 now.
a is 71 now.
a is 72 now.
a is 73 now.
a is 74 now.
a is 75 now.
a is 76 now.
a is 77 now.
a is 78 now.
a is 79 now.
a is 80 now.
a is 81 now.
a is 82 now.
a is 83 now.
a is 84 now.
a is 85 now.
a is 86 now.
a is 87 now.
a is 88 now.
a is 89 now.
a is 90 now.
a is 91 now.
a is 92 now.
a is 93 now.
a is 94 now.
a is 95 now.
a is 96 now.
a is 97 now.
a is 98 now.
a is 99 now.
a is 100 now.
-9223372036854775808
-9223372036854775807
9223372036854775807
The Goat goes Mäh
The Cow goes Mooo
The Dog goes Wuff
The Cat goes Miau
